
Allocating common symbols
Common symbol       size              file

netbufpool          0x4               binaries/net.o
readylist           0x2               binaries/ready.o
rfltab              0x5a0             binaries/rflinit.o
netportseed         0x8               binaries/net.o
sleepq              0x2               binaries/clkinit.o
nnames              0x4               binaries/naminit.o
udptab              0x168             binaries/udp.o
minheap             0x4               binaries/meminit.o
marks               0x50              binaries/mark.o
currpid             0x4               binaries/initialize.o
Lf_data             0x20c             binaries/lfsinit.o
porttab             0x2d0             binaries/ptinit.o
girmask             0x2               binaries/evec.o
ttytab              0x110             binaries/ttyinit.o
proctab             0x1f40            binaries/initialize.o
prcount             0x4               binaries/initialize.o
lfltab              0xf00             binaries/lflinit.o
rdstab              0x8c              binaries/rdsinit.o
ethertab            0x138             binaries/ethinit.o
NetData             0xb0              binaries/net.o
nmarks              0x4               binaries/mark.o
Defer               0x8               binaries/resched.o
semtab              0x4b0             binaries/initialize.o
maxheap             0x4               binaries/meminit.o
preempt             0x4               binaries/clkinit.o
buftab              0xf0              binaries/bufinit.o
Rf_data             0x18              binaries/rfsinit.o
mkmutex             0x4               binaries/mark.o
memblockkflag       0x1               binaries/meminsert.o
clktime             0x4               binaries/clkinit.o
arpcache            0x140             binaries/arp.o
icmptab             0x230             binaries/icmp.o
nbpools             0x4               binaries/bufinit.o
queuetab            0x980             binaries/queue.o
ptnextid            0x4               binaries/ptinit.o
Ram                 0x19000           binaries/raminit.o
ipoqueue            0x2c              binaries/ip.o
memlist             0x8               binaries/initialize.o
nametab             0x19a0            binaries/naminit.o
ptfree              0x4               binaries/ptinit.o

Discarded input sections

 .group         0x0000000000000000        0x8 binaries/ascdate.o
 .group         0x0000000000000000        0x8 binaries/bufinit.o
 .group         0x0000000000000000        0x8 binaries/cbregister.o
 .group         0x0000000000000000        0x8 binaries/cbunregister.o
 .text.__x86.get_pc_thunk.bx
                0x0000000000000000        0x4 binaries/cbunregister.o
 .group         0x0000000000000000        0x8 binaries/chprio.o
 .text.__x86.get_pc_thunk.bx
                0x0000000000000000        0x4 binaries/chprio.o
 .group         0x0000000000000000        0x8 binaries/clkhandler.o
 .text.__x86.get_pc_thunk.bx
                0x0000000000000000        0x4 binaries/clkhandler.o
 .group         0x0000000000000000        0x8 binaries/clkinit.o
 .text.__x86.get_pc_thunk.bx
                0x0000000000000000        0x4 binaries/clkinit.o
 .group         0x0000000000000000        0x8 binaries/close.o
 .text.__x86.get_pc_thunk.bx
                0x0000000000000000        0x4 binaries/close.o
 .group         0x0000000000000000        0x8 binaries/control.o
 .text.__x86.get_pc_thunk.bx
                0x0000000000000000        0x4 binaries/control.o
 .group         0x0000000000000000        0x8 binaries/create.o
 .group         0x0000000000000000        0x8 binaries/create.o
 .text.__x86.get_pc_thunk.cx
                0x0000000000000000        0x4 binaries/create.o
 .text.__x86.get_pc_thunk.bx
                0x0000000000000000        0x4 binaries/create.o
 .group         0x0000000000000000        0x8 binaries/early_imr.o
 .group         0x0000000000000000        0x8 binaries/early_imr.o
 .text.__x86.get_pc_thunk.ax
                0x0000000000000000        0x4 binaries/early_imr.o
 .text.__x86.get_pc_thunk.bx
                0x0000000000000000        0x4 binaries/early_imr.o
 .group         0x0000000000000000        0x8 binaries/evec.o
 .group         0x0000000000000000        0x8 binaries/evec.o
 .text.__x86.get_pc_thunk.ax
                0x0000000000000000        0x4 binaries/evec.o
 .text.__x86.get_pc_thunk.bx
                0x0000000000000000        0x4 binaries/evec.o
 .group         0x0000000000000000        0x8 binaries/exit.o
 .text.__x86.get_pc_thunk.bx
                0x0000000000000000        0x4 binaries/exit.o
 .group         0x0000000000000000        0x8 binaries/freebuf.o
 .text.__x86.get_pc_thunk.bx
                0x0000000000000000        0x4 binaries/freebuf.o
 .group         0x0000000000000000        0x8 binaries/freemem.o
 .text.__x86.get_pc_thunk.bx
                0x0000000000000000        0x4 binaries/freemem.o
 .group         0x0000000000000000        0x8 binaries/getbuf.o
[...]
Memory Configuration

Name             Origin             Length             Attributes
*default*        0x0000000000000000 0xffffffffffffffff

Linker script and memory map

                0x0000000000100000                physbase = 0x100000
                0x0000000000100000                . = physbase
                0x0000000000100000                . = ALIGN (0x1000)

.text           0x0000000000100000    0x1d000
                0x0000000000100000                text = ABSOLUTE (.)
 *(.text .text.*)
 .text          0x0000000000100000      0x1b4 binaries/start.o
                0x0000000000100024                start
                0x00000000001000f6                inb
                0x00000000001000fe                inw
                0x0000000000100107                inl
                0x000000000010010f                outb
                0x0000000000100119                outw
                0x0000000000100124                outl
                0x000000000010012e                _rtcin
                0x0000000000100139                ___udivsi3
                0x0000000000100144                ___divsi3
                0x0000000000100150                sbzero
                0x0000000000100160                insw
                0x0000000000100176                outsw
                0x000000000010018c                bcopy
                0x00000000001001a0                lidt
                0x00000000001001a8                cpuid
 .text          0x00000000001001b4      0x404 binaries/ascdate.o
                0x00000000001001b4                ascdate
 .text.__x86.get_pc_thunk.cx
                0x00000000001005b8        0x4 binaries/ascdate.o
                0x00000000001005b8                __x86.get_pc_thunk.cx
 .text          0x00000000001005bc       0x20 binaries/bufinit.o
                0x00000000001005bc                bufinit
 .text.__x86.get_pc_thunk.ax
                0x00000000001005dc        0x4 binaries/bufinit.o
                0x00000000001005dc                __x86.get_pc_thunk.ax
 .text          0x00000000001005e0       0xe8 binaries/cbregister.o
                0x00000000001005e0                cbregister
 .text.__x86.get_pc_thunk.bx
                0x00000000001006c8        0x4 binaries/cbregister.o
                0x00000000001006c8                __x86.get_pc_thunk.bx
 .text          0x00000000001006cc       0x75 binaries/cbunregister.o
                0x00000000001006cc                cbunregister
 .text          0x0000000000100741       0xa2 binaries/chprio.o
                0x0000000000100741                chprio
 .text          0x00000000001007e3       0xd7 binaries/clkhandler.o
                0x00000000001007e3                clkhandler
 .text          0x00000000001008ba       0x95 binaries/clkinit.o
                0x00000000001008ba                clkinit
 .text          0x000000000010094f       0x86 binaries/close.o
                0x000000000010094f                close
 .text          0x00000000001009d5        0x0 binaries/conf.o
 .text          0x00000000001009d5       0x8c binaries/control.o
                0x00000000001009d5                control
 .text          0x0000000000100a61      0x341 binaries/create.o
                0x0000000000100a61                create
 .text          0x0000000000100da2      0x30e binaries/early_imr.o
                0x0000000000100da2                intel_cln_early_sb_read_reg
                0x0000000000100e33                intel_cln_early_sb_write_reg
                0x0000000000101012                remove_irm_protections
 .text          0x00000000001010b0      0x505 binaries/evec.o
                0x00000000001010b0                initevec
                0x00000000001011c1                set_evec
                0x000000000010127f                setirmask
                0x00000000001012f1                trap
 .text          0x00000000001015b5       0x29 binaries/exit.o
                0x00000000001015b5                exit
 .text          0x00000000001015de       0xa1 binaries/freebuf.o
                0x00000000001015de                freebuf
 .text          0x000000000010167f      0x1d2 binaries/freemem.o
                0x000000000010167f                freemem
 .text          0x0000000000101851       0x9f binaries/getbuf.o
                0x0000000000101851                getbuf
 .text          0x00000000001018f0       0x86 binaries/getc.o
                0x00000000001018f0                getc
 .text          0x0000000000101976       0x86 binaries/getdev.o
                0x0000000000101976                getdev
 .text          0x00000000001019fc      0x111 binaries/getitem.o
                0x00000000001019fc                getfirst
                0x0000000000101a52                getlast
                0x0000000000101aaa                getitem
 .text.__x86.get_pc_thunk.dx
                0x0000000000101b0d        0x4 binaries/getitem.o
                0x0000000000101b0d                __x86.get_pc_thunk.dx
 .text          0x0000000000101b11      0x1cf binaries/getmem.o
                0x0000000000101b11                getmem
 .text          0x0000000000101ce0       0x17 binaries/getpid.o
                0x0000000000101ce0                getpid
 .text          0x0000000000101cf7       0x8c binaries/getprio.o
                0x0000000000101cf7                getprio
 .text          0x0000000000101d83      0x119 binaries/getstk.o
                0x0000000000101d83                getstk
 .text          0x0000000000101e9c       0x20 binaries/getticks.o
                0x0000000000101e9c                getticks
 .text          0x0000000000101ebc       0x4a binaries/gettime.o
                0x0000000000101ebc                gettime
 .text          0x0000000000101f06      0x21c binaries/getutime.o
                0x0000000000101f06                getutime
 .text          0x0000000000102122       0x86 binaries/init.o
                0x0000000000102122                init
 .text          0x00000000001021a8      0x3e2 binaries/initialize.o
                0x00000000001021a8                nulluser
                0x0000000000102517                stop
                0x0000000000102552                delay
 .text          0x000000000010258a      0x105 binaries/insert.o
                0x000000000010258a                insert
 .text          0x000000000010268f      0x13e binaries/insertd.o
                0x000000000010268f                insertd
 .text          0x00000000001027cd       0x14 binaries/ioerr.o
                0x00000000001027cd                ioerr
 .text          0x00000000001027e1       0x14 binaries/ionull.o
                0x00000000001027e1                ionull
 .text          0x00000000001027f5      0x1ef binaries/kill.o
                0x00000000001027f5                kill
 .text          0x00000000001029e4      0x16c binaries/kprintf.o
                0x00000000001029e4                kputc
                0x0000000000102a80                kgetc
                0x0000000000102b14                kprintf
 .text          0x0000000000102b50      0x1cb binaries/main.o
                0x0000000000102b50                main
 .text          0x0000000000102d1b       0xf0 binaries/mark.o
                0x0000000000102d1b                markinit
                0x0000000000102d56                mark
 .text          0x0000000000102e0b       0x8c binaries/memextract.o
                0x0000000000102e0b                memextract
 .text          0x0000000000102e97      0x32d binaries/meminit.o
                0x0000000000102e97                meminit
                0x0000000000103101                setsegs
 .text          0x00000000001031c4       0x9b binaries/meminsert.o
                0x00000000001031c4                meminsert
 .text          0x000000000010325f      0x194 binaries/mkbufpool.o
                0x000000000010325f                mkbufpool
 .text          0x00000000001033f3       0x2b binaries/mymotd.o
                0x00000000001033f3                mymotd
 .text          0x000000000010341e      0x125 binaries/mysend.o
                0x000000000010341e                mysend
 .text          0x0000000000103543       0xbb binaries/newqueue.o
                0x0000000000103543                newqueue
 .text          0x00000000001035fe       0x8c binaries/open.o
                0x00000000001035fe                open
 .text          0x000000000010368a       0x2e binaries/panic.o
                0x000000000010368a                panic
 .text          0x00000000001036b8      0x4a7 binaries/pci.o
                0x00000000001036b8                pci_init
                0x000000000010377e                find_pci_device
                0x000000000010386f                pci_read_config_byte
                0x00000000001038d7                pci_read_config_word
                0x0000000000103941                pci_read_config_dword
                0x00000000001039a9                pci_write_config_byte
                0x0000000000103a15                pci_write_config_word
                0x0000000000103a83                pci_write_config_dword
                0x0000000000103ae9                pci_get_dev_mmio_base_addr
 .text          0x0000000000103b5f      0x10a binaries/platinit.o
                0x0000000000103b5f                cpu_is_quark
                0x0000000000103b8d                console_init
                0x0000000000103bea                platinit
 .text          0x0000000000103c69      0x105 binaries/ptclear.o
                0x0000000000103c69                _ptclear
 .text          0x0000000000103d6e       0xaf binaries/ptcount.o
                0x0000000000103d6e                ptcount
 .text          0x0000000000103e1d      0x138 binaries/ptcreate.o
                0x0000000000103e1d                ptcreate
 .text          0x0000000000103f55       0x94 binaries/ptdelete.o
                0x0000000000103f55                ptdelete
 .text          0x0000000000103fe9       0xe7 binaries/ptinit.o
                0x0000000000103fe9                ptinit
 .text          0x00000000001040d0      0x135 binaries/ptrecv.o
                0x00000000001040d0                ptrecv
 .text          0x0000000000104205       0x89 binaries/ptreset.o
                0x0000000000104205                ptreset
 .text          0x000000000010428e      0x15a binaries/ptsend.o
                0x000000000010428e                ptsend
 .text          0x00000000001043e8       0x91 binaries/putc.o
                0x00000000001043e8                putc
 .text          0x0000000000104479       0xdb binaries/quark_irq.o
                0x0000000000104479                quark_irq_routing
 .text          0x0000000000104554      0x20f binaries/quark_pdat.o
                0x0000000000104554                get_quark_pdat_entry_data_by_id
                0x0000000000104656                get_quark_pdat_entry_data_by_desc
 .text          0x0000000000104763      0x146 binaries/queue.o
                0x0000000000104763                enqueue
                0x0000000000104824                dequeue
 .text          0x00000000001048a9      0x2fd binaries/rcreate.o
                0x00000000001048a9                rcreate
 .text          0x0000000000104ba6       0x8c binaries/read.o
                0x0000000000104ba6                read
 .text          0x0000000000104c32       0x8c binaries/ready.o
                0x0000000000104c32                ready
 .text          0x0000000000104cbe       0x74 binaries/receive.o
                0x0000000000104cbe                receive
 .text          0x0000000000104d32       0x88 binaries/receiver_eint1.o
                0x0000000000104d32                receiver_eint1
 .text          0x0000000000104dba       0x88 binaries/receiver_eint2.o
                0x0000000000104dba                receiver_eint2
 .text          0x0000000000104e42       0x68 binaries/receiver_scall.o
                0x0000000000104e42                receiver_scall
 .text          0x0000000000104eaa       0x70 binaries/recvclr.o
                0x0000000000104eaa                recvclr
 .text          0x0000000000104f1a       0xd5 binaries/recvtime.o
                0x0000000000104f1a                recvtime
 .text          0x0000000000104fef      0x1ce binaries/resched.o
                0x0000000000104fef                resched
                0x000000000010511f                resched_cntl
 .text          0x00000000001051bd       0xbf binaries/resume.o
                0x00000000001051bd                resume
 .text          0x000000000010527c       0x8a binaries/seek.o
                0x000000000010527c                seek
 .text          0x0000000000105306       0x87 binaries/semcount.o
                0x0000000000105306                semcount
 .text          0x000000000010538d      0x100 binaries/semcreate.o
                0x000000000010538d                semcreate
 .text          0x000000000010548d       0xdf binaries/semdelete.o
                0x000000000010548d                semdelete
 .text          0x000000000010556c       0xe3 binaries/semreset.o
                0x000000000010556c                semreset
 .text          0x000000000010564f      0x125 binaries/send.o
                0x000000000010564f                send
 .text          0x0000000000105774       0xba binaries/signal.o
                0x0000000000105774                signal
 .text          0x000000000010582e       0xe8 binaries/signaln.o
                0x000000000010582e                signaln
 .text          0x0000000000105916      0x10e binaries/sleep.o
                0x0000000000105916                sleep
                0x000000000010596e                sleepms
 .text          0x0000000000105a24      0x1c8 binaries/stackdump.o
                0x0000000000105a24                stackdump
 .text          0x0000000000105bec       0xf5 binaries/suspend.o
                0x0000000000105bec                suspend
 .text          0x0000000000105ce1      0x153 binaries/testgmem.o
                0x0000000000105ce1                testgmem
 .text          0x0000000000105e34       0x95 binaries/testreceiver.o
                0x0000000000105e34                testreceiver
 .text          0x0000000000105ec9      0x100 binaries/unsleep.o
                0x0000000000105ec9                unsleep
 .text          0x0000000000105fc9       0x7a binaries/userbuf.o
                0x0000000000105fc9                userbuf
 .text          0x0000000000106043       0x81 binaries/usercb.o
                0x0000000000106043                usercb
 .text          0x00000000001060c4       0x29 binaries/userret.o
                0x00000000001060c4                userret
 .text          0x00000000001060ed       0xf5 binaries/wait.o
                0x00000000001060ed                wait
 .text          0x00000000001061e2       0x98 binaries/wakeup.o
                0x00000000001061e2                wakeup
 .text          0x000000000010627a       0x8c binaries/write.o
                0x000000000010627a                write
 .text          0x0000000000106306       0x2f binaries/xdone.o
                0x0000000000106306                xdone
 .text          0x0000000000106335       0x37 binaries/yield.o
                0x0000000000106335                yield
 .text          0x000000000010636c       0x1b binaries/abs.o
                0x000000000010636c                abs
 .text          0x0000000000106387       0x99 binaries/atoi.o
                0x0000000000106387                atoi
 .text          0x0000000000106420       0x99 binaries/atol.o
                0x0000000000106420                atol
 .text          0x00000000001064b9       0x3c binaries/bzero.o
                0x00000000001064b9                bzero
 .text          0x00000000001064f5        0x0 binaries/ctype_.o
 .text          0x00000000001064f5      0x94d binaries/doprnt.o
                0x00000000001064f5                _doprnt
 .text          0x0000000000106e42      0x6cb binaries/doscan.o
                0x0000000000106e42                _doscan
 .text.__x86.get_pc_thunk.di
                0x000000000010750d        0x4 binaries/doscan.o
                0x000000000010750d                __x86.get_pc_thunk.di
 .text          0x0000000000107511      0x76a binaries/fdoprnt.o
                0x0000000000107511                _fdoprnt
 .text          0x0000000000107c7b       0x39 binaries/fgetc.o
                0x0000000000107c7b                fgetc
 .text          0x0000000000107cb4       0x84 binaries/fgets.o
                0x0000000000107cb4                fgets
 .text          0x0000000000107d38       0x3c binaries/fprintf.o
                0x0000000000107d38                fprintf
 .text          0x0000000000107d74       0x3c binaries/fputc.o
                0x0000000000107d74                fputc
 .text          0x0000000000107db0       0x52 binaries/fputs.o
                0x0000000000107db0                fputs
 .text          0x0000000000107e02       0xb8 binaries/fscanf.o
                0x0000000000107e02                fscanf
 .text          0x0000000000107eba       0x46 binaries/getchar.o
                0x0000000000107eba                getchar
 .text          0x0000000000107f00       0x1b binaries/labs.o
                0x0000000000107f00                labs
 .text          0x0000000000107f1b        0x0 binaries/memchr.o
 .text          0x0000000000107f1b       0x5b binaries/memcmp.o
                0x0000000000107f1b                memcmp
 .text          0x0000000000107f76       0x49 binaries/memcpy.o
                0x0000000000107f76                memcpy
 .text          0x0000000000107fbf       0x3a binaries/memset.o
                0x0000000000107fbf                memset
 .text          0x0000000000107ff9       0x5e binaries/printf.o
                0x0000000000107ff9                printf
 .text          0x0000000000108057       0x49 binaries/putchar.o
                0x0000000000108057                putchar
 .text          0x00000000001080a0      0x2b7 binaries/qsort.o
                0x00000000001080a0                qsort
 .text          0x0000000000108357       0x81 binaries/rand.o
                0x0000000000108357                rand
                0x000000000010837b                rand_r
                0x00000000001083bf                srand
 .text          0x00000000001083d8       0x82 binaries/sprintf.o
                0x00000000001083d8                sprintf
 .text          0x000000000010845a       0x98 binaries/sscanf.o
                0x000000000010845a                sscanf
 .text          0x00000000001084f2       0x46 binaries/strchr.o
                0x00000000001084f2                strchr
 .text          0x0000000000108538       0x4f binaries/strcmp.o
                0x0000000000108538                strcmp
 .text          0x0000000000108587       0x31 binaries/strcpy.o
                0x0000000000108587                strcpy
 .text          0x00000000001085b8       0x30 binaries/strlen.o
                0x00000000001085b8                strlen
 .text          0x00000000001085e8       0x60 binaries/strncat.o
                0x00000000001085e8                strncat
 .text          0x0000000000108648       0x68 binaries/strncmp.o
                0x0000000000108648                strncmp
 .text          0x00000000001086b0       0x59 binaries/strncpy.o
                0x00000000001086b0                strncpy
 .text          0x0000000000108709       0x38 binaries/strnlen.o
                0x0000000000108709                strnlen
 .text          0x0000000000108741       0x4f binaries/strrchr.o
                0x0000000000108741                strrchr
 .text          0x0000000000108790       0x78 binaries/strstr.o
                0x0000000000108790                strstr
 .text          0x0000000000108808       0xfb binaries/ttycontrol.o
                0x0000000000108808                ttycontrol
 .text          0x0000000000108903       0xab binaries/ttygetc.o
                0x0000000000108903                ttygetc
 .text          0x00000000001089ae      0x713 binaries/ttyhandle_in.o
                0x00000000001089ae                ttyhandle_in
 .text          0x00000000001090c1      0x197 binaries/ttyhandle_out.o
                0x00000000001090c1                ttyhandle_out
 .text          0x0000000000109258       0xcf binaries/ttyhandler.o
                0x0000000000109258                ttyhandler
 .text          0x0000000000109327      0x203 binaries/ttyinit.o
                0x0000000000109327                ttyinit
 .text          0x000000000010952a       0x1a binaries/ttykickout.o
                0x000000000010952a                ttykickout
 .text          0x0000000000109544       0xc9 binaries/ttyputc.o
                0x0000000000109544                ttyputc
 .text          0x000000000010960d      0x12d binaries/ttyread.o
                0x000000000010960d                ttyread
 .text          0x000000000010973a       0x5c binaries/ttywrite.o
                0x000000000010973a                ttywrite
 .text          0x0000000000109796      0x174 binaries/mount.o
                0x0000000000109796                mount
                0x00000000001098ca                namlen
 .text          0x000000000010990a      0x220 binaries/naminit.o
                0x000000000010990a                naminit
 .text          0x0000000000109b2a      0x243 binaries/nammap.o
                0x0000000000109b2a                nammap
                0x0000000000109bc7                namrepl
                0x0000000000109d13                namcpy
 .text          0x0000000000109d6d       0x5d binaries/namopen.o
                0x0000000000109d6d                namopen
 .text          0x0000000000109dca       0xa8 binaries/ethcontrol.o
                0x0000000000109dca                ethcontrol
 .text          0x0000000000109e72      0x19f binaries/ethhandler.o
                0x0000000000109e72                ethhandler
 .text          0x000000000010a011      0x770 binaries/ethinit.o
                0x000000000010a011                eth_phy_read
                0x000000000010a085                eth_phy_write
                0x000000000010a104                eth_phy_reset
                0x000000000010a258                ethinit
 .text.__x86.get_pc_thunk.si
                0x000000000010a781        0x4 binaries/ethinit.o
                0x000000000010a781                __x86.get_pc_thunk.si
 .text          0x000000000010a785      0x19c binaries/ethmcast.o
                0x000000000010a785                ethmcast_add
                0x000000000010a812                ethmcast_remove
 .text          0x000000000010a921      0x1a1 binaries/ethread.o
                0x000000000010a921                ethread
 .text          0x000000000010aac2      0x10a binaries/ethwrite.o
                0x000000000010aac2                ethwrite
 .text          0x000000000010abcc       0xaf binaries/rdsbufalloc.o
                0x000000000010abcc                rdsbufalloc
 .text          0x000000000010ac7b       0xcf binaries/rdsclose.o
                0x000000000010ac7b                rdsclose
 .text          0x000000000010ad4a      0x304 binaries/rdscomm.o
                0x000000000010ad4a                rdscomm
 .text          0x000000000010b04e      0x242 binaries/rdscontrol.o
                0x000000000010b04e                rdscontrol
 .text          0x000000000010b290      0x204 binaries/rdsinit.o
                0x000000000010b290                rdsinit
 .text          0x000000000010b494      0x1a4 binaries/rdsopen.o
                0x000000000010b494                rdsopen
 .text          0x000000000010b638      0x471 binaries/rdsprocess.o
                0x000000000010b638                rdsprocess
 .text          0x000000000010baa9      0x262 binaries/rdsread.o
                0x000000000010baa9                rdsread
 .text          0x000000000010bd0b      0x202 binaries/rdswrite.o
                0x000000000010bd0b                rdswrite
 .text          0x000000000010bf0d       0x14 binaries/ramclose.o
                0x000000000010bf0d                ramclose
 .text          0x000000000010bf21       0x58 binaries/raminit.o
                0x000000000010bf21                raminit
 .text          0x000000000010bf79       0x14 binaries/ramopen.o
                0x000000000010bf79                ramopen
 .text          0x000000000010bf8d       0x47 binaries/ramread.o
                0x000000000010bf8d                ramread
 .text          0x000000000010bfd4       0x47 binaries/ramwrite.o
                0x000000000010bfd4                ramwrite
 .text          0x000000000010c01b       0xc4 binaries/lfdballoc.o
                0x000000000010c01b                lfdballoc
 .text          0x000000000010c0df       0x6c binaries/lfdbfree.o
                0x000000000010c0df                lfdbfree
 .text          0x000000000010c14b       0xe0 binaries/lfflush.o
                0x000000000010c14b                lfflush
 .text          0x000000000010c22b       0xe2 binaries/lfgetmode.o
                0x000000000010c22b                lfgetmode
 .text          0x000000000010c30d       0x92 binaries/lfiballoc.o
                0x000000000010c30d                lfiballoc
 .text          0x000000000010c39f       0x45 binaries/lfibclear.o
                0x000000000010c39f                lfibclear
 .text          0x000000000010c3e4       0xbc binaries/lfibget.o
                0x000000000010c3e4                lfibget
 .text          0x000000000010c4a0       0xeb binaries/lfibput.o
                0x000000000010c4a0                lfibput
 .text          0x000000000010c58b       0xbb binaries/lflclose.o
                0x000000000010c58b                lflclose
 .text          0x000000000010c646       0xef binaries/lflcontrol.o
                0x000000000010c646                lflcontrol
 .text          0x000000000010c735      0x104 binaries/lflgetc.o
                0x000000000010c735                lflgetc
 .text          0x000000000010c839      0x102 binaries/lflinit.o
                0x000000000010c839                lflinit
 .text          0x000000000010c93b      0x13a binaries/lflputc.o
                0x000000000010c93b                lflputc
 .text          0x000000000010ca75       0x7f binaries/lflread.o
                0x000000000010ca75                lflread
 .text          0x000000000010caf4       0xbe binaries/lflseek.o
                0x000000000010caf4                lflseek
 .text          0x000000000010cbb2       0x64 binaries/lflwrite.o
                0x000000000010cbb2                lflwrite
 .text          0x000000000010cc16       0x6c binaries/lfscheck.o
                0x000000000010cc16                lfscheck
 .text          0x000000000010cc82      0x194 binaries/lfsckfmt.o
                0x000000000010cc82                lfsckfmt
 .text          0x000000000010ce16      0x1be binaries/lfscreate.o
                0x000000000010ce16                lfscreate
 .text          0x000000000010cfd4      0x2a3 binaries/lfsetup.o
                0x000000000010cfd4                lfsetup
 .text          0x000000000010d277       0x81 binaries/lfsinit.o
                0x000000000010d277                lfsinit
 .text          0x000000000010d2f8      0x411 binaries/lfsopen.o
                0x000000000010d2f8                lfsopen
 .text          0x000000000010d709      0x18a binaries/lftruncate.o
                0x000000000010d709                lftruncate
 .text          0x000000000010d893       0x8f binaries/rflclose.o
                0x000000000010d893                rflclose
 .text          0x000000000010d922       0x42 binaries/rflgetc.o
                0x000000000010d922                rflgetc
 .text          0x000000000010d964       0x86 binaries/rflinit.o
                0x000000000010d964                rflinit
 .text          0x000000000010d9ea       0x43 binaries/rflputc.o
                0x000000000010d9ea                rflputc
 .text          0x000000000010da2d      0x396 binaries/rflread.o
                0x000000000010da2d                rflread
 .text          0x000000000010ddc3       0x92 binaries/rflseek.o
                0x000000000010ddc3                rflseek
 .text          0x000000000010de55      0x381 binaries/rflwrite.o
                0x000000000010de55                rflwrite
 .text          0x000000000010e1d6      0x21d binaries/rfscomm.o
                0x000000000010e1d6                rfscomm
 .text          0x000000000010e3f3      0x2cc binaries/rfscontrol.o
                0x000000000010e3f3                rfscontrol
 .text          0x000000000010e6bf       0xe2 binaries/rfsgetmode.o
                0x000000000010e6bf                rfsgetmode
 .text          0x000000000010e7a1       0xb5 binaries/rfsinit.o
                0x000000000010e7a1                rfsinit
 .text          0x000000000010e856      0x122 binaries/rfsndmsg.o
                0x000000000010e856                rfsndmsg
 .text          0x000000000010e978      0x2e3 binaries/rfsopen.o
                0x000000000010e978                rfsopen
 .text          0x000000000010ec5b      0x8e6 binaries/arp.o
                0x000000000010ec5b                arp_init
                0x000000000010eca1                arp_resolve
                0x000000000010ef8f                arp_in
                0x000000000010f271                arp_alloc
                0x000000000010f353                arp_ntoh
                0x000000000010f44a                arp_hton
 .text          0x000000000010f541      0x97b binaries/dhcp.o
                0x000000000010f541                dhcp_get_opt_val
                0x000000000010f5a4                dhcp_bld_bootp_msg
                0x000000000010f6cb                dhcp_bld_disc
                0x000000000010f7be                dhcp_bld_req
                0x000000000010f941                getlocalip
 .text          0x000000000010febc      0x5f4 binaries/dns.o
                0x000000000010febc                dnslookup
 .text          0x00000000001104b0       0xf4 binaries/dot2ip.o
                0x00000000001104b0                dot2ip
 .text          0x00000000001105a4      0x528 binaries/hexdump.o
                0x00000000001105a4                hexdump
                0x0000000000110772                hexadump
 .text          0x0000000000110acc      0x939 binaries/icmp.o
                0x0000000000110acc                icmp_init
                0x0000000000110b12                icmp_in
                0x0000000000110cf3                icmp_register
                0x0000000000110dfd                icmp_recv
                0x0000000000110f9b                icmp_send
                0x0000000000111030                icmp_mkpkt
                0x0000000000111164                icmp_release
                0x0000000000111271                icmp_cksum
                0x0000000000111307                icmp_hton
                0x0000000000111386                icmp_ntoh
 .text          0x0000000000111405      0x96c binaries/ip.o
                0x0000000000111405                ip_in
                0x00000000001115aa                ip_send
                0x000000000011172c                ip_local
                0x000000000011178d                ip_out
                0x00000000001118d5                ipcksum
                0x0000000000111965                ip_ntoh
                0x0000000000111a5c                ip_hton
                0x0000000000111b53                ipout
                0x0000000000111caa                ip_enqueue
 .text          0x0000000000111d71      0x337 binaries/net.o
                0x0000000000111d71                net_init
                0x0000000000111ed1                netin
                0x0000000000111f9f                eth_hton
                0x0000000000111fd4                eth_ntoh
                0x0000000000112009                getport
 .text          0x00000000001120a8     0x15bc binaries/pdump.o
                0x00000000001120a8                pdump
                0x0000000000112f00                pdumph
 .text          0x0000000000113664      0x4ee binaries/tftp.o
                0x0000000000113664                tftp_send1
                0x00000000001137f7                tftpget
 .text          0x0000000000113b52      0xc36 binaries/udp.o
                0x0000000000113b52                udp_init
                0x0000000000113b98                udp_in
                0x0000000000113ceb                udp_register
                0x0000000000113e3a                udp_recv
                0x0000000000113fe9                udp_recvaddr
                0x00000000001141b0                udp_send
                0x00000000001143b3                udp_sendto
                0x000000000011457e                udp_release
                0x000000000011468a                udp_ntoh
                0x0000000000114709                udp_hton
 .text          0x0000000000114788      0x14d binaries/addargs.o
                0x0000000000114788                addargs
 .text          0x00000000001148d5      0x2d1 binaries/lexan.o
                0x00000000001148d5                lexan
 .text          0x0000000000114ba6      0x6dd binaries/shell.o
                0x0000000000114ba6                shell
 .text          0x0000000000115283       0x7e binaries/xsh_argecho.o
                0x0000000000115283                xsh_argecho
 .text          0x0000000000115301      0x2cc binaries/xsh_arp.o
                0x0000000000115301                xsh_arp
 .text          0x00000000001155cd      0x2ae binaries/xsh_cat.o
                0x00000000001155cd                xsh_cat
 .text          0x000000000011587b       0x7a binaries/xsh_clear.o
                0x000000000011587b                xsh_clear
 .text          0x00000000001158f5      0x354 binaries/xsh_date.o
                0x00000000001158f5                xsh_date
 .text          0x0000000000115c49       0xcb binaries/xsh_devdump.o
                0x0000000000115c49                xsh_devdump
 .text          0x0000000000115d14       0x87 binaries/xsh_echo.o
                0x0000000000115d14                xsh_echo
 .text          0x0000000000115d9b       0x14 binaries/xsh_exit.o
                0x0000000000115d9b                xsh_exit
 .text          0x0000000000115daf      0x3e9 binaries/xsh_help.o
                0x0000000000115daf                xsh_help
 .text          0x0000000000116198      0x287 binaries/xsh_kill.o
                0x0000000000116198                xsh_kill
 .text          0x000000000011641f      0x5ad binaries/xsh_memdump.o
                0x000000000011641f                xsh_memdump
 .text          0x00000000001169cc      0x316 binaries/xsh_memstat.o
                0x00000000001169cc                xsh_memstat
 .text          0x0000000000116ce2      0x5d5 binaries/xsh_netinfo.o
                0x0000000000116ce2                xsh_netinfo
 .text          0x00000000001172b7      0x4e7 binaries/xsh_ping.o
                0x00000000001172b7                xsh_ping
 .text          0x000000000011779e      0x27c binaries/xsh_ps.o
                0x000000000011779e                xsh_ps
 .text          0x0000000000117a1a      0x265 binaries/xsh_sleep.o
                0x0000000000117a1a                xsh_sleep
 .text          0x0000000000117c7f      0x2d8 binaries/xsh_udpdump.o
                0x0000000000117c7f                xsh_udpdump
 .text          0x0000000000117f57      0x532 binaries/xsh_udpecho.o
                0x0000000000117f57                xsh_udpecho
 .text          0x0000000000118489      0x2fb binaries/xsh_udpserver.o
                0x0000000000118489                xsh_udpeserver
 .text          0x0000000000118784      0x230 binaries/xsh_uptime.o
                0x0000000000118784                xsh_uptime
 .text          0x00000000001189b4        0xe binaries/clkdisp.o
                0x00000000001189b4                clkdisp
 .text          0x00000000001189c2       0x19 binaries/ctxsw.o
                0x00000000001189c2                ctxsw
 .text          0x00000000001189db      0x368 binaries/intr.o
                0x00000000001189db                disable
                0x00000000001189e4                restore
                0x00000000001189f2                enable
                0x00000000001189f4                pause
                0x00000000001189fb                halt
                0x00000000001189fe                spurious_irq7
                0x0000000000118a03                spurious_irq15
                0x0000000000118a12                _Xint0
                0x0000000000118a1d                _Xint1
                0x0000000000118a28                _Xint2
                0x0000000000118a33                _Xint3
                0x0000000000118a3e                _Xint4
                0x0000000000118a49                _Xint5
                0x0000000000118a54                _Xint6
                0x0000000000118a5f                _Xint7
                0x0000000000118a6a                _Xint8
                0x0000000000118a75                _Xint9
                0x0000000000118a80                _Xint10
                0x0000000000118a8b                _Xint11
                0x0000000000118a99                _Xint12
                0x0000000000118aa7                _Xint13
                0x0000000000118ab5                _Xint14
                0x0000000000118ac3                _Xint15
                0x0000000000118ad1                _Xint16
                0x0000000000118adf                _Xint17
                0x0000000000118aed                _Xint18
                0x0000000000118afb                _Xint19
                0x0000000000118b09                _Xint20
                0x0000000000118b17                _Xint21
                0x0000000000118b25                _Xint22
                0x0000000000118b33                _Xint23
                0x0000000000118b41                _Xint24
                0x0000000000118b4f                _Xint25
                0x0000000000118b5d                _Xint26
                0x0000000000118b6b                _Xint27
                0x0000000000118b79                _Xint28
                0x0000000000118b87                _Xint29
                0x0000000000118b95                _Xint30
                0x0000000000118ba3                _Xint31
                0x0000000000118bb1                _Xint32
                0x0000000000118bbf                _Xint33
                0x0000000000118bcd                _Xint34
                0x0000000000118bdb                _Xint35
                0x0000000000118be9                _Xint36
                0x0000000000118bf7                _Xint37
                0x0000000000118c05                _Xint38
                0x0000000000118c13                _Xint39
                0x0000000000118c21                _Xint40
                0x0000000000118c2f                _Xint41
                0x0000000000118c3d                _Xint42
                0x0000000000118c4b                _Xint43
                0x0000000000118c59                _Xint44
                0x0000000000118c67                _Xint45
                0x0000000000118c75                _Xint46
                0x0000000000118c83                defevec
 .text          0x0000000000118d43        0xf binaries/ttydispatch.o
                0x0000000000118d43                ttydispatch
 .text          0x0000000000118d52       0x13 binaries/ethdispatch.o
                0x0000000000118d52                ethdispatch
 *(.rodata .rodata.*)
 *fill*         0x0000000000118d65        0x3 
 .rodata        0x0000000000118d68       0x8e binaries/ascdate.o
 .rodata        0x0000000000118df6       0xae binaries/conf.o
 .rodata        0x0000000000118ea4       0x83 binaries/early_imr.o
 *fill*         0x0000000000118f27        0x1 
 .rodata        0x0000000000118f28      0x265 binaries/evec.o
 *fill*         0x000000000011918d        0x3 
 .rodata        0x0000000000119190       0x61 binaries/getutime.o
 *fill*         0x00000000001191f1        0x3 
 .rodata        0x00000000001191f4      0x128 binaries/initialize.o
 .rodata        0x000000000011931c       0x20 binaries/kill.o
 .rodata        0x000000000011933c      0x1c2 binaries/main.o
 *fill*         0x00000000001194fe        0x2 
 .rodata        0x0000000000119500       0x3e binaries/meminit.o
 .rodata        0x000000000011953e       0x10 binaries/mymotd.o
 .rodata        0x000000000011954e        0xf binaries/panic.o
 .rodata        0x000000000011955d       0x1d binaries/ptinit.o
 *fill*         0x000000000011957a        0x2 
 .rodata        0x000000000011957c       0x25 binaries/ptsend.o
 .rodata        0x00000000001195a1       0x22 binaries/quark_pdat.o
 *fill*         0x00000000001195c3        0x1 
 .rodata        0x00000000001195c4       0x3c binaries/receiver_eint1.o
 .rodata        0x0000000000119600       0x3c binaries/receiver_eint2.o
 .rodata        0x000000000011963c       0x6d binaries/receiver_scall.o
 *fill*         0x00000000001196a9        0x3 
 .rodata        0x00000000001196ac       0xb7 binaries/stackdump.o
 *fill*         0x0000000000119763        0x1 
 .rodata        0x0000000000119764       0x72 binaries/testgmem.o
 *fill*         0x00000000001197d6        0x2 
 .rodata        0x00000000001197d8       0x57 binaries/testreceiver.o
 .rodata        0x000000000011982f       0x23 binaries/userbuf.o
 *fill*         0x0000000000119852        0x2 
 .rodata        0x0000000000119854       0x23 binaries/usercb.o
 *fill*         0x0000000000119877        0x1 
 .rodata        0x0000000000119878       0x27 binaries/xdone.o
 *fill*         0x000000000011989f        0x1 
 .rodata        0x00000000001198a0       0x81 binaries/ctype_.o
                0x00000000001198a0                _ctype_
 *fill*         0x0000000000119921        0x3 
 .rodata        0x0000000000119924       0xee binaries/doprnt.o
 *fill*         0x0000000000119a12        0x2 
 .rodata        0x0000000000119a14       0x98 binaries/doscan.o
 .rodata        0x0000000000119aac       0xae binaries/fdoprnt.o
 *fill*         0x0000000000119b5a        0x2 
 .rodata        0x0000000000119b5c       0x20 binaries/ttycontrol.o
 .rodata        0x0000000000119b7c       0x34 binaries/ttyhandler.o
 .rodata        0x0000000000119bb0       0x80 binaries/naminit.o
 .rodata        0x0000000000119c30       0x46 binaries/ethinit.o
 *fill*         0x0000000000119c76        0x2 
 .rodata        0x0000000000119c78       0x2c binaries/rdsbufalloc.o
 .rodata        0x0000000000119ca4       0x76 binaries/rdscomm.o
 *fill*         0x0000000000119d1a        0x2 
 .rodata        0x0000000000119d1c       0x48 binaries/rdscontrol.o
 .rodata        0x0000000000119d64       0x96 binaries/rdsinit.o
 *fill*         0x0000000000119dfa        0x2 
 .rodata        0x0000000000119dfc       0x22 binaries/rdsopen.o
 *fill*         0x0000000000119e1e        0x2 
 .rodata        0x0000000000119e20       0x4d binaries/rdsprocess.o
 .rodata        0x0000000000119e6d        0x9 binaries/raminit.o
 *fill*         0x0000000000119e76        0x2 
 .rodata        0x0000000000119e78       0x37 binaries/lfdballoc.o
 .rodata        0x0000000000119eaf       0x14 binaries/lfiballoc.o
 *fill*         0x0000000000119ec3        0x1 
 .rodata        0x0000000000119ec4       0x23 binaries/lflcontrol.o
 *fill*         0x0000000000119ee7        0x1 
 .rodata        0x0000000000119ee8      0x11b binaries/lfsckfmt.o
 *fill*         0x000000000011a003        0x1 
 .rodata        0x000000000011a004       0x2a binaries/lfsopen.o
 *fill*         0x000000000011a02e        0x2 
 .rodata        0x000000000011a030       0x21 binaries/rflread.o
 *fill*         0x000000000011a051        0x3 
 .rodata        0x000000000011a054       0x21 binaries/rflwrite.o
 *fill*         0x000000000011a075        0x3 
 .rodata        0x000000000011a078       0x75 binaries/rfscomm.o
 *fill*         0x000000000011a0ed        0x3 
 .rodata        0x000000000011a0f0       0x3c binaries/rfscontrol.o
 .rodata        0x000000000011a12c       0x63 binaries/rfsinit.o
 *fill*         0x000000000011a18f        0x1 
 .rodata        0x000000000011a190       0x2a binaries/rfsndmsg.o
 *fill*         0x000000000011a1ba        0x2 
 .rodata        0x000000000011a1bc       0x22 binaries/rfsopen.o
 *fill*         0x000000000011a1de        0x2 
 .rodata        0x000000000011a1e0       0x3a binaries/arp.o
 *fill*         0x000000000011a21a        0x2 
 .rodata        0x000000000011a21c       0xcf binaries/dhcp.o
 .rodata        0x000000000011a2eb       0x1a binaries/dns.o
 *fill*         0x000000000011a305        0x3 
 .rodata        0x000000000011a308       0xc9 binaries/hexdump.o
 *fill*         0x000000000011a3d1        0x3 
 .rodata        0x000000000011a3d4       0x29 binaries/icmp.o
 *fill*         0x000000000011a3fd        0x3 
 .rodata        0x000000000011a400       0x6e binaries/ip.o
 *fill*         0x000000000011a46e        0x2 
 .rodata        0x000000000011a470       0x4f binaries/net.o
 *fill*         0x000000000011a4bf        0x1 
 .rodata        0x000000000011a4c0      0x26f binaries/pdump.o
 *fill*         0x000000000011a72f        0x1 
 .rodata        0x000000000011a730      0x10c binaries/tftp.o
 .rodata        0x000000000011a83c      0x2c1 binaries/shell.o
 .rodata        0x000000000011aafd       0x28 binaries/xsh_argecho.o
 *fill*         0x000000000011ab25        0x3 
 .rodata        0x000000000011ab28      0x123 binaries/xsh_arp.o
 *fill*         0x000000000011ac4b        0x1 
 .rodata        0x000000000011ac4c       0xc9 binaries/xsh_cat.o
 .rodata        0x000000000011ad15       0x19 binaries/xsh_clear.o
 *fill*         0x000000000011ad2e        0x2 
 .rodata        0x000000000011ad30      0x1c3 binaries/xsh_date.o
 .rodata        0x000000000011aef3       0x5d binaries/xsh_devdump.o
 .rodata        0x000000000011af50        0x9 binaries/xsh_echo.o
 *fill*         0x000000000011af59        0x3 
 .rodata        0x000000000011af5c      0x169 binaries/xsh_help.o
 *fill*         0x000000000011b0c5        0x3 
 .rodata        0x000000000011b0c8      0x12e binaries/xsh_kill.o
 *fill*         0x000000000011b1f6        0x2 
 .rodata        0x000000000011b1f8      0x266 binaries/xsh_memdump.o
 *fill*         0x000000000011b45e        0x2 
 .rodata        0x000000000011b460      0x225 binaries/xsh_memstat.o
 *fill*         0x000000000011b685        0x3 
 .rodata        0x000000000011b688      0x1b0 binaries/xsh_netinfo.o
 .rodata        0x000000000011b838      0x1a1 binaries/xsh_ping.o
 *fill*         0x000000000011b9d9        0x3 
 .rodata        0x000000000011b9dc      0x1a8 binaries/xsh_ps.o
 .rodata        0x000000000011bb84       0xeb binaries/xsh_sleep.o
 *fill*         0x000000000011bc6f        0x1 
 .rodata        0x000000000011bc70      0x1b8 binaries/xsh_udpdump.o
 .rodata        0x000000000011be28      0x215 binaries/xsh_udpecho.o
 *fill*         0x000000000011c03d        0x3 
 .rodata        0x000000000011c040      0x12b binaries/xsh_udpserver.o
 *fill*         0x000000000011c16b        0x1 
 .rodata        0x000000000011c16c      0x105 binaries/xsh_uptime.o
                0x000000000011c271                etext = ABSOLUTE (.)
                0x000000000011d000                . = ALIGN (0x1000)
 *fill*         0x000000000011c271      0xd8f 

.eh_frame       0x000000000011d000     0x323c
 .eh_frame      0x000000000011d000       0x50 binaries/ascdate.o
 .eh_frame      0x000000000011d050       0x34 binaries/bufinit.o
                                         0x4c (size before relaxing)
 .eh_frame      0x000000000011d084       0x38 binaries/cbregister.o
                                         0x50 (size before relaxing)
 .eh_frame      0x000000000011d0bc       0x24 binaries/cbunregister.o
                                         0x50 (size before relaxing)
 .eh_frame      0x000000000011d0e0       0x24 binaries/chprio.o
                                         0x50 (size before relaxing)
 .eh_frame      0x000000000011d104       0x24 binaries/clkhandler.o
                                         0x50 (size before relaxing)
 .eh_frame      0x000000000011d128       0x24 binaries/clkinit.o
                                         0x50 (size before relaxing)
 .eh_frame      0x000000000011d14c       0x24 binaries/close.o
                                         0x50 (size before relaxing)
 .eh_frame      0x000000000011d170       0x24 binaries/control.o
                                         0x50 (size before relaxing)
 .eh_frame      0x000000000011d194       0x48 binaries/create.o
                                         0x88 (size before relaxing)
 .eh_frame      0x000000000011d1dc      0x114 binaries/early_imr.o
                                        0x154 (size before relaxing)
 .eh_frame      0x000000000011d2f0       0x90 binaries/evec.o
                                         0xd0 (size before relaxing)
 .eh_frame      0x000000000011d380       0x24 binaries/exit.o
                                         0x50 (size before relaxing)
 .eh_frame      0x000000000011d3a4       0x24 binaries/freebuf.o
                                         0x50 (size before relaxing)
 .eh_frame      0x000000000011d3c8       0x24 binaries/freemem.o
                                         0x50 (size before relaxing)
 .eh_frame      0x000000000011d3ec       0x24 binaries/getbuf.o
                                         0x50 (size before relaxing)
 .eh_frame      0x000000000011d410       0x24 binaries/getc.o
                                         0x50 (size before relaxing)
 .eh_frame      0x000000000011d434       0x24 binaries/getdev.o
                                         0x50 (size before relaxing)
 .eh_frame      0x000000000011d458       0x78 binaries/getitem.o
                                         0xa4 (size before relaxing)
 .eh_frame      0x000000000011d4d0       0x24 binaries/getmem.o
                                         0x50 (size before relaxing)
 .eh_frame      0x000000000011d4f4       0x20 binaries/getpid.o
                                         0x4c (size before relaxing)
 .eh_frame      0x000000000011d514       0x24 binaries/getprio.o
                                         0x50 (size before relaxing)
 .eh_frame      0x000000000011d538       0x24 binaries/getstk.o
                                         0x50 (size before relaxing)
 .eh_frame      0x000000000011d55c       0x20 binaries/getticks.o
                                         0x4c (size before relaxing)
 .eh_frame      0x000000000011d57c       0x24 binaries/gettime.o
                                         0x50 (size before relaxing)
 .eh_frame      0x000000000011d5a0       0x24 binaries/getutime.o
                                         0x50 (size before relaxing)
 .eh_frame      0x000000000011d5c4       0x24 binaries/init.o
                                         0x50 (size before relaxing)
 .eh_frame      0x000000000011d5e8       0xa4 binaries/initialize.o
                                         0xe4 (size before relaxing)
 .eh_frame      0x000000000011d68c       0x24 binaries/insert.o
                                         0x50 (size before relaxing)
 .eh_frame      0x000000000011d6b0       0x28 binaries/insertd.o
                                         0x54 (size before relaxing)
 .eh_frame      0x000000000011d6d8       0x20 binaries/ioerr.o
                                         0x4c (size before relaxing)
 .eh_frame      0x000000000011d6f8       0x20 binaries/ionull.o
                                         0x4c (size before relaxing)
 .eh_frame      0x000000000011d718       0x2c binaries/kill.o
                                         0x58 (size before relaxing)
 .eh_frame      0x000000000011d744       0x6c binaries/kprintf.o
                                         0xac (size before relaxing)
 .eh_frame      0x000000000011d7b0       0x38 binaries/main.o
                                         0x64 (size before relaxing)
 .eh_frame      0x000000000011d7e8       0x48 binaries/mark.o
                                         0x74 (size before relaxing)
 .eh_frame      0x000000000011d830       0x24 binaries/memextract.o
                                         0x50 (size before relaxing)
 .eh_frame      0x000000000011d854       0x54 binaries/meminit.o
                                         0x94 (size before relaxing)
 .eh_frame      0x000000000011d8a8       0x24 binaries/meminsert.o
                                         0x50 (size before relaxing)
 .eh_frame      0x000000000011d8cc       0x24 binaries/mkbufpool.o
                                         0x50 (size before relaxing)
 .eh_frame      0x000000000011d8f0       0x24 binaries/mymotd.o
                                         0x50 (size before relaxing)
 .eh_frame      0x000000000011d914       0x24 binaries/mysend.o
                                         0x50 (size before relaxing)
 .eh_frame      0x000000000011d938       0x24 binaries/newqueue.o
                                         0x50 (size before relaxing)
 .eh_frame      0x000000000011d95c       0x24 binaries/open.o
                                         0x50 (size before relaxing)
 .eh_frame      0x000000000011d980       0x1c binaries/panic.o
                                         0x48 (size before relaxing)
 .eh_frame      0x000000000011d99c      0x1c0 binaries/pci.o
                                        0x1ec (size before relaxing)
 .eh_frame      0x000000000011db5c       0x6c binaries/platinit.o
                                         0xac (size before relaxing)
 .eh_frame      0x000000000011dbc8       0x24 binaries/ptclear.o
                                         0x50 (size before relaxing)
 .eh_frame      0x000000000011dbec       0x24 binaries/ptcount.o
                                         0x50 (size before relaxing)
 .eh_frame      0x000000000011dc10       0x24 binaries/ptcreate.o
                                         0x50 (size before relaxing)
 .eh_frame      0x000000000011dc34       0x24 binaries/ptdelete.o
                                         0x50 (size before relaxing)
 .eh_frame      0x000000000011dc58       0x24 binaries/ptinit.o
                                         0x50 (size before relaxing)
 .eh_frame      0x000000000011dc7c       0x24 binaries/ptrecv.o
                                         0x50 (size before relaxing)
 .eh_frame      0x000000000011dca0       0x24 binaries/ptreset.o
                                         0x50 (size before relaxing)
 .eh_frame      0x000000000011dcc4       0x24 binaries/ptsend.o
                                         0x50 (size before relaxing)
 .eh_frame      0x000000000011dce8       0x24 binaries/putc.o
                                         0x50 (size before relaxing)
 .eh_frame      0x000000000011dd0c       0x24 binaries/quark_irq.o
                                         0x50 (size before relaxing)
 .eh_frame      0x000000000011dd30       0x48 binaries/quark_pdat.o
                                         0x74 (size before relaxing)
 .eh_frame      0x000000000011dd78       0x48 binaries/queue.o
                                         0x88 (size before relaxing)
 .eh_frame      0x000000000011ddc0       0x48 binaries/rcreate.o
                                         0x88 (size before relaxing)
 .eh_frame      0x000000000011de08       0x24 binaries/read.o
                                         0x50 (size before relaxing)
 .eh_frame      0x000000000011de2c       0x28 binaries/ready.o
                                         0x54 (size before relaxing)
 .eh_frame      0x000000000011de54       0x24 binaries/receive.o
                                         0x50 (size before relaxing)
 .eh_frame      0x000000000011de78       0x24 binaries/receiver_eint1.o
                                         0x50 (size before relaxing)
 .eh_frame      0x000000000011de9c       0x24 binaries/receiver_eint2.o
                                         0x50 (size before relaxing)
 .eh_frame      0x000000000011dec0       0x24 binaries/receiver_scall.o
                                         0x50 (size before relaxing)
 .eh_frame      0x000000000011dee4       0x24 binaries/recvclr.o
                                         0x50 (size before relaxing)
 .eh_frame      0x000000000011df08       0x24 binaries/recvtime.o
                                         0x50 (size before relaxing)
 .eh_frame      0x000000000011df2c       0x48 binaries/resched.o
                                         0x88 (size before relaxing)
 .eh_frame      0x000000000011df74       0x24 binaries/resume.o
                                         0x50 (size before relaxing)
 .eh_frame      0x000000000011df98       0x24 binaries/seek.o
                                         0x50 (size before relaxing)
 .eh_frame      0x000000000011dfbc       0x24 binaries/semcount.o
                                         0x50 (size before relaxing)
 .eh_frame      0x000000000011dfe0       0x48 binaries/semcreate.o
                                         0x88 (size before relaxing)
 .eh_frame      0x000000000011e028       0x24 binaries/semdelete.o
                                         0x50 (size before relaxing)
 .eh_frame      0x000000000011e04c       0x24 binaries/semreset.o
                                         0x50 (size before relaxing)
 .eh_frame      0x000000000011e070       0x24 binaries/send.o
                                         0x50 (size before relaxing)
 .eh_frame      0x000000000011e094       0x24 binaries/signal.o
                                         0x50 (size before relaxing)
 .eh_frame      0x000000000011e0b8       0x24 binaries/signaln.o
                                         0x50 (size before relaxing)
 .eh_frame      0x000000000011e0dc       0x44 binaries/sleep.o
                                         0x84 (size before relaxing)
 .eh_frame      0x000000000011e120       0x24 binaries/stackdump.o
                                         0x50 (size before relaxing)
 .eh_frame      0x000000000011e144       0x24 binaries/suspend.o
                                         0x50 (size before relaxing)
 .eh_frame      0x000000000011e168       0x24 binaries/testgmem.o
                                         0x50 (size before relaxing)
 .eh_frame      0x000000000011e18c       0x24 binaries/testreceiver.o
                                         0x50 (size before relaxing)
 .eh_frame      0x000000000011e1b0       0x24 binaries/unsleep.o
                                         0x50 (size before relaxing)
 .eh_frame      0x000000000011e1d4       0x24 binaries/userbuf.o
                                         0x50 (size before relaxing)
 .eh_frame      0x000000000011e1f8       0x24 binaries/usercb.o
                                         0x50 (size before relaxing)
 .eh_frame      0x000000000011e21c       0x24 binaries/userret.o
                                         0x50 (size before relaxing)
 .eh_frame      0x000000000011e240       0x24 binaries/wait.o
                                         0x50 (size before relaxing)
 .eh_frame      0x000000000011e264       0x24 binaries/wakeup.o
                                         0x50 (size before relaxing)
 .eh_frame      0x000000000011e288       0x24 binaries/write.o
                                         0x50 (size before relaxing)
 .eh_frame      0x000000000011e2ac       0x24 binaries/xdone.o
                                         0x50 (size before relaxing)
 .eh_frame      0x000000000011e2d0       0x24 binaries/yield.o
                                         0x50 (size before relaxing)
 .eh_frame      0x000000000011e2f4       0x20 binaries/abs.o
                                         0x4c (size before relaxing)
 .eh_frame      0x000000000011e314       0x20 binaries/atoi.o
                                         0x4c (size before relaxing)
 .eh_frame      0x000000000011e334       0x20 binaries/atol.o
                                         0x4c (size before relaxing)
 .eh_frame      0x000000000011e354       0x20 binaries/bzero.o
                                         0x4c (size before relaxing)
 .eh_frame      0x000000000011e374       0xec binaries/doprnt.o
                                        0x140 (size before relaxing)
 .eh_frame      0x000000000011e460       0xc8 binaries/doscan.o
                                         0xf4 (size before relaxing)
 .eh_frame      0x000000000011e528       0xcc binaries/fdoprnt.o
                                        0x10c (size before relaxing)
 .eh_frame      0x000000000011e5f4       0x24 binaries/fgetc.o
                                         0x50 (size before relaxing)
 .eh_frame      0x000000000011e618       0x24 binaries/fgets.o
                                         0x50 (size before relaxing)
 .eh_frame      0x000000000011e63c       0x24 binaries/fprintf.o
                                         0x50 (size before relaxing)
 .eh_frame      0x000000000011e660       0x24 binaries/fputc.o
                                         0x50 (size before relaxing)
 .eh_frame      0x000000000011e684       0x24 binaries/fputs.o
                                         0x50 (size before relaxing)
 .eh_frame      0x000000000011e6a8       0x68 binaries/fscanf.o
                                         0x94 (size before relaxing)
 .eh_frame      0x000000000011e710       0x24 binaries/getchar.o
                                         0x50 (size before relaxing)
 .eh_frame      0x000000000011e734       0x20 binaries/labs.o
                                         0x4c (size before relaxing)
 .eh_frame      0x000000000011e754       0x20 binaries/memcmp.o
                                         0x4c (size before relaxing)
 .eh_frame      0x000000000011e774       0x24 binaries/memcpy.o
                                         0x50 (size before relaxing)
 .eh_frame      0x000000000011e798       0x24 binaries/memset.o
                                         0x50 (size before relaxing)
 .eh_frame      0x000000000011e7bc       0x24 binaries/printf.o
                                         0x50 (size before relaxing)
 .eh_frame      0x000000000011e7e0       0x24 binaries/putchar.o
                                         0x50 (size before relaxing)
 .eh_frame      0x000000000011e804       0xa4 binaries/qsort.o
                                         0xd0 (size before relaxing)
 .eh_frame      0x000000000011e8a8       0x60 binaries/rand.o
                                         0x8c (size before relaxing)
 .eh_frame      0x000000000011e908       0x44 binaries/sprintf.o
                                         0x70 (size before relaxing)
 .eh_frame      0x000000000011e94c       0x64 binaries/sscanf.o
                                         0x90 (size before relaxing)
 .eh_frame      0x000000000011e9b0       0x20 binaries/strchr.o
                                         0x4c (size before relaxing)
 .eh_frame      0x000000000011e9d0       0x20 binaries/strcmp.o
                                         0x4c (size before relaxing)
 .eh_frame      0x000000000011e9f0       0x20 binaries/strcpy.o
                                         0x4c (size before relaxing)
 .eh_frame      0x000000000011ea10       0x20 binaries/strlen.o
                                         0x4c (size before relaxing)
 .eh_frame      0x000000000011ea30       0x20 binaries/strncat.o
                                         0x4c (size before relaxing)
 .eh_frame      0x000000000011ea50       0x20 binaries/strncmp.o
                                         0x4c (size before relaxing)
 .eh_frame      0x000000000011ea70       0x28 binaries/strncpy.o
                                         0x54 (size before relaxing)
 .eh_frame      0x000000000011ea98       0x20 binaries/strnlen.o
                                         0x4c (size before relaxing)
 .eh_frame      0x000000000011eab8       0x20 binaries/strrchr.o
                                         0x4c (size before relaxing)
 .eh_frame      0x000000000011ead8       0x20 binaries/strstr.o
                                         0x4c (size before relaxing)
 .eh_frame      0x000000000011eaf8       0x24 binaries/ttycontrol.o
                                         0x50 (size before relaxing)
 .eh_frame      0x000000000011eb1c       0x24 binaries/ttygetc.o
                                         0x50 (size before relaxing)
 .eh_frame      0x000000000011eb40       0x88 binaries/ttyhandle_in.o
                                         0xdc (size before relaxing)
 .eh_frame      0x000000000011ebc8       0x24 binaries/ttyhandle_out.o
                                         0x50 (size before relaxing)
 .eh_frame      0x000000000011ebec       0x24 binaries/ttyhandler.o
                                         0x50 (size before relaxing)
 .eh_frame      0x000000000011ec10       0x24 binaries/ttyinit.o
                                         0x50 (size before relaxing)
 .eh_frame      0x000000000011ec34       0x20 binaries/ttykickout.o
                                         0x4c (size before relaxing)
 .eh_frame      0x000000000011ec54       0x24 binaries/ttyputc.o
                                         0x50 (size before relaxing)
 .eh_frame      0x000000000011ec78       0x24 binaries/ttyread.o
                                         0x50 (size before relaxing)
 .eh_frame      0x000000000011ec9c       0x24 binaries/ttywrite.o
                                         0x50 (size before relaxing)
 .eh_frame      0x000000000011ecc0       0x44 binaries/mount.o
                                         0x84 (size before relaxing)
 .eh_frame      0x000000000011ed04       0x24 binaries/naminit.o
                                         0x50 (size before relaxing)
 .eh_frame      0x000000000011ed28       0x68 binaries/nammap.o
                                         0xa8 (size before relaxing)
 .eh_frame      0x000000000011ed90       0x24 binaries/namopen.o
                                         0x50 (size before relaxing)
 .eh_frame      0x000000000011edb4       0x24 binaries/ethcontrol.o
                                         0x50 (size before relaxing)
 .eh_frame      0x000000000011edd8       0x24 binaries/ethhandler.o
                                         0x50 (size before relaxing)
 .eh_frame      0x000000000011edfc       0xb8 binaries/ethinit.o
                                         0xf8 (size before relaxing)
 .eh_frame      0x000000000011eeb4       0x48 binaries/ethmcast.o
                                         0x88 (size before relaxing)
 .eh_frame      0x000000000011eefc       0x24 binaries/ethread.o
                                         0x50 (size before relaxing)
 .eh_frame      0x000000000011ef20       0x24 binaries/ethwrite.o
                                         0x50 (size before relaxing)
 .eh_frame      0x000000000011ef44       0x24 binaries/rdsbufalloc.o
                                         0x50 (size before relaxing)
 .eh_frame      0x000000000011ef68       0x20 binaries/rdsclose.o
                                         0x4c (size before relaxing)
 .eh_frame      0x000000000011ef88       0x24 binaries/rdscomm.o
                                         0x50 (size before relaxing)
 .eh_frame      0x000000000011efac       0x24 binaries/rdscontrol.o
                                         0x50 (size before relaxing)
 .eh_frame      0x000000000011efd0       0x24 binaries/rdsinit.o
                                         0x50 (size before relaxing)
 .eh_frame      0x000000000011eff4       0x24 binaries/rdsopen.o
                                         0x50 (size before relaxing)
 .eh_frame      0x000000000011f018       0x1c binaries/rdsprocess.o
                                         0x48 (size before relaxing)
 .eh_frame      0x000000000011f034       0x24 binaries/rdsread.o
                                         0x50 (size before relaxing)
 .eh_frame      0x000000000011f058       0x24 binaries/rdswrite.o
                                         0x50 (size before relaxing)
 .eh_frame      0x000000000011f07c       0x20 binaries/ramclose.o
                                         0x4c (size before relaxing)
 .eh_frame      0x000000000011f09c       0x24 binaries/raminit.o
                                         0x50 (size before relaxing)
 .eh_frame      0x000000000011f0c0       0x20 binaries/ramopen.o
                                         0x4c (size before relaxing)
 .eh_frame      0x000000000011f0e0       0x24 binaries/ramread.o
                                         0x50 (size before relaxing)
 .eh_frame      0x000000000011f104       0x24 binaries/ramwrite.o
                                         0x50 (size before relaxing)
 .eh_frame      0x000000000011f128       0x24 binaries/lfdballoc.o
                                         0x50 (size before relaxing)
 .eh_frame      0x000000000011f14c       0x24 binaries/lfdbfree.o
                                         0x50 (size before relaxing)
 .eh_frame      0x000000000011f170       0x24 binaries/lfflush.o
                                         0x50 (size before relaxing)
 .eh_frame      0x000000000011f194       0x20 binaries/lfgetmode.o
                                         0x4c (size before relaxing)
 .eh_frame      0x000000000011f1b4       0x24 binaries/lfiballoc.o
                                         0x50 (size before relaxing)
 .eh_frame      0x000000000011f1d8       0x20 binaries/lfibclear.o
                                         0x4c (size before relaxing)
 .eh_frame      0x000000000011f1f8       0x24 binaries/lfibget.o
                                         0x50 (size before relaxing)
 .eh_frame      0x000000000011f21c       0x24 binaries/lfibput.o
                                         0x50 (size before relaxing)
 .eh_frame      0x000000000011f240       0x24 binaries/lflclose.o
                                         0x50 (size before relaxing)
 .eh_frame      0x000000000011f264       0x24 binaries/lflcontrol.o
                                         0x50 (size before relaxing)
 .eh_frame      0x000000000011f288       0x24 binaries/lflgetc.o
                                         0x50 (size before relaxing)
 .eh_frame      0x000000000011f2ac       0x24 binaries/lflinit.o
                                         0x50 (size before relaxing)
 .eh_frame      0x000000000011f2d0       0x24 binaries/lflputc.o
                                         0x50 (size before relaxing)
 .eh_frame      0x000000000011f2f4       0x24 binaries/lflread.o
                                         0x50 (size before relaxing)
 .eh_frame      0x000000000011f318       0x24 binaries/lflseek.o
                                         0x50 (size before relaxing)
 .eh_frame      0x000000000011f33c       0x24 binaries/lflwrite.o
                                         0x50 (size before relaxing)
 .eh_frame      0x000000000011f360       0x20 binaries/lfscheck.o
                                         0x4c (size before relaxing)
 .eh_frame      0x000000000011f380       0x24 binaries/lfsckfmt.o
                                         0x50 (size before relaxing)
 .eh_frame      0x000000000011f3a4       0x24 binaries/lfscreate.o
                                         0x50 (size before relaxing)
 .eh_frame      0x000000000011f3c8       0x24 binaries/lfsetup.o
                                         0x50 (size before relaxing)
 .eh_frame      0x000000000011f3ec       0x24 binaries/lfsinit.o
                                         0x50 (size before relaxing)
 .eh_frame      0x000000000011f410       0x24 binaries/lfsopen.o
                                         0x50 (size before relaxing)
 .eh_frame      0x000000000011f434       0x24 binaries/lftruncate.o
                                         0x50 (size before relaxing)
 .eh_frame      0x000000000011f458       0x24 binaries/rflclose.o
                                         0x50 (size before relaxing)
 .eh_frame      0x000000000011f47c       0x24 binaries/rflgetc.o
                                         0x50 (size before relaxing)
 .eh_frame      0x000000000011f4a0       0x20 binaries/rflinit.o
                                         0x4c (size before relaxing)
 .eh_frame      0x000000000011f4c0       0x24 binaries/rflputc.o
                                         0x50 (size before relaxing)
 .eh_frame      0x000000000011f4e4       0x24 binaries/rflread.o
                                         0x50 (size before relaxing)
 .eh_frame      0x000000000011f508       0x24 binaries/rflseek.o
                                         0x50 (size before relaxing)
 .eh_frame      0x000000000011f52c       0x24 binaries/rflwrite.o
                                         0x50 (size before relaxing)
 .eh_frame      0x000000000011f550       0x24 binaries/rfscomm.o
                                         0x50 (size before relaxing)
 .eh_frame      0x000000000011f574       0x24 binaries/rfscontrol.o
                                         0x50 (size before relaxing)
 .eh_frame      0x000000000011f598       0x20 binaries/rfsgetmode.o
                                         0x4c (size before relaxing)
 .eh_frame      0x000000000011f5b8       0x24 binaries/rfsinit.o
                                         0x50 (size before relaxing)
 .eh_frame      0x000000000011f5dc       0x24 binaries/rfsndmsg.o
                                         0x50 (size before relaxing)
 .eh_frame      0x000000000011f600       0x24 binaries/rfsopen.o
                                         0x50 (size before relaxing)
 .eh_frame      0x000000000011f624       0xd0 binaries/arp.o
                                        0x124 (size before relaxing)
 .eh_frame      0x000000000011f6f4       0xac binaries/dhcp.o
                                         0xec (size before relaxing)
 .eh_frame      0x000000000011f7a0       0x90 binaries/dns.o
                                         0xd0 (size before relaxing)
 .eh_frame      0x000000000011f830       0x20 binaries/dot2ip.o
                                         0x4c (size before relaxing)
 .eh_frame      0x000000000011f850       0x48 binaries/hexdump.o
                                         0x74 (size before relaxing)
 .eh_frame      0x000000000011f898      0x168 binaries/icmp.o
                                        0x1bc (size before relaxing)
 .eh_frame      0x000000000011fa00      0x130 binaries/ip.o
                                        0x170 (size before relaxing)
 .eh_frame      0x000000000011fb30       0xa8 binaries/net.o
                                         0xfc (size before relaxing)
 .eh_frame      0x000000000011fbd8       0x60 binaries/pdump.o
                                         0xa0 (size before relaxing)
 .eh_frame      0x000000000011fc38       0x54 binaries/tftp.o
                                         0x80 (size before relaxing)
 .eh_frame      0x000000000011fc8c      0x160 binaries/udp.o
                                        0x1b4 (size before relaxing)
 .eh_frame      0x000000000011fdec       0x24 binaries/addargs.o
                                         0x50 (size before relaxing)
 .eh_frame      0x000000000011fe10       0x20 binaries/lexan.o
                                         0x4c (size before relaxing)
 .eh_frame      0x000000000011fe30       0x2c binaries/shell.o
                                         0x58 (size before relaxing)
 .eh_frame      0x000000000011fe5c       0x24 binaries/xsh_argecho.o
                                         0x50 (size before relaxing)
 .eh_frame      0x000000000011fe80       0x48 binaries/xsh_arp.o
                                         0x74 (size before relaxing)
 .eh_frame      0x000000000011fec8       0x2c binaries/xsh_cat.o
                                         0x58 (size before relaxing)
 .eh_frame      0x000000000011fef4       0x28 binaries/xsh_clear.o
                                         0x54 (size before relaxing)
 .eh_frame      0x000000000011ff1c       0x2c binaries/xsh_date.o
                                         0x58 (size before relaxing)
 .eh_frame      0x000000000011ff48       0x24 binaries/xsh_devdump.o
                                         0x50 (size before relaxing)
 .eh_frame      0x000000000011ff6c       0x24 binaries/xsh_echo.o
                                         0x50 (size before relaxing)
 .eh_frame      0x000000000011ff90       0x20 binaries/xsh_exit.o
                                         0x4c (size before relaxing)
 .eh_frame      0x000000000011ffb0       0x2c binaries/xsh_help.o
                                         0x58 (size before relaxing)
 .eh_frame      0x000000000011ffdc       0x2c binaries/xsh_kill.o
                                         0x58 (size before relaxing)
 .eh_frame      0x0000000000120008       0x4c binaries/xsh_memdump.o
                                         0x8c (size before relaxing)
 .eh_frame      0x0000000000120054       0x74 binaries/xsh_memstat.o
                                         0xa0 (size before relaxing)
 .eh_frame      0x00000000001200c8       0x30 binaries/xsh_netinfo.o
                                         0x5c (size before relaxing)
 .eh_frame      0x00000000001200f8       0x30 binaries/xsh_ping.o
                                         0x5c (size before relaxing)
 .eh_frame      0x0000000000120128       0x30 binaries/xsh_ps.o
                                         0x5c (size before relaxing)
 .eh_frame      0x0000000000120158       0x2c binaries/xsh_sleep.o
                                         0x58 (size before relaxing)
 .eh_frame      0x0000000000120184       0x2c binaries/xsh_udpdump.o
                                         0x58 (size before relaxing)
 .eh_frame      0x00000000001201b0       0x30 binaries/xsh_udpecho.o
                                         0x5c (size before relaxing)
 .eh_frame      0x00000000001201e0       0x30 binaries/xsh_udpserver.o
                                         0x5c (size before relaxing)
 .eh_frame      0x0000000000120210       0x2c binaries/xsh_uptime.o
                                         0x58 (size before relaxing)

.iplt           0x0000000000120240        0x0
 .iplt          0x0000000000120240        0x0 binaries/start.o

.rel.dyn        0x000000000012023c        0x0
 .rel.got       0x000000000012023c        0x0 binaries/start.o
 .rel.iplt      0x000000000012023c        0x0 binaries/start.o
 .rel.text      0x000000000012023c        0x0 binaries/start.o

.data           0x0000000000120240     0x1dc0
                0x0000000000120240                data = ABSOLUTE (.)
 *(.data .data.*)
 .data          0x0000000000120240      0x83a binaries/start.o
                0x0000000000120240                gdt
                0x0000000000120270                idt
                0x0000000000120a76                cpudelay
 .data          0x0000000000120a7a        0x0 binaries/ascdate.o
 *fill*         0x0000000000120a7a        0x6 
 .data.rel.local
                0x0000000000120a80       0x88 binaries/ascdate.o
                0x0000000000120a80                Date
 .data          0x0000000000120b08        0x0 binaries/bufinit.o
 .data          0x0000000000120b08        0x0 binaries/cbregister.o
 .data          0x0000000000120b08        0x0 binaries/cbunregister.o
 .data          0x0000000000120b08        0x0 binaries/chprio.o
 .data          0x0000000000120b08        0x4 binaries/clkhandler.o
 .data          0x0000000000120b0c        0x0 binaries/clkinit.o
 .data          0x0000000000120b0c        0x0 binaries/close.o
 .data          0x0000000000120b0c        0x0 binaries/conf.o
 *fill*         0x0000000000120b0c       0x14 
 .data.rel      0x0000000000120b20      0x5a0 binaries/conf.o
                0x0000000000120b20                devtab
 .data          0x00000000001210c0        0x0 binaries/control.o
 .data          0x00000000001210c0        0x4 binaries/create.o
 .data          0x00000000001210c4        0x0 binaries/early_imr.o
 .data          0x00000000001210c4        0x0 binaries/evec.o
 *fill*         0x00000000001210c4       0x1c 
 .data.rel.local
                0x00000000001210e0       0x40 binaries/evec.o
                0x00000000001210e0                inames
 .data          0x0000000000121120        0x0 binaries/exit.o
 .data          0x0000000000121120        0x0 binaries/freebuf.o
 .data          0x0000000000121120        0x0 binaries/freemem.o
 .data          0x0000000000121120        0x0 binaries/getbuf.o
 .data          0x0000000000121120        0x0 binaries/getc.o
 .data          0x0000000000121120        0x0 binaries/getdev.o
 .data          0x0000000000121120        0x0 binaries/getitem.o
 .data          0x0000000000121120        0x0 binaries/getmem.o
 .data          0x0000000000121120        0x0 binaries/getpid.o
 .data          0x0000000000121120        0x0 binaries/getprio.o
 .data          0x0000000000121120        0x0 binaries/getstk.o
 .data          0x0000000000121120        0x0 binaries/getticks.o
 .data          0x0000000000121120        0x0 binaries/gettime.o
 .data          0x0000000000121120        0x0 binaries/getutime.o
 .data          0x0000000000121120        0x0 binaries/init.o
 .data          0x0000000000121120        0x0 binaries/initialize.o
 .data          0x0000000000121120        0x0 binaries/insert.o
 .data          0x0000000000121120        0x0 binaries/insertd.o
 .data          0x0000000000121120        0x0 binaries/ioerr.o
 .data          0x0000000000121120        0x0 binaries/ionull.o
 .data          0x0000000000121120        0x0 binaries/kill.o
 .data          0x0000000000121120        0x0 binaries/kprintf.o
 .data          0x0000000000121120        0x0 binaries/main.o
 .data          0x0000000000121120        0x0 binaries/mark.o
 .data          0x0000000000121120        0x0 binaries/memextract.o
 .data          0x0000000000121120       0x40 binaries/meminit.o
                0x0000000000121120                bootsign
                0x0000000000121124                bootinfo
                0x0000000000121140                gdt_copy
 .data          0x0000000000121160        0x0 binaries/meminsert.o
 .data          0x0000000000121160        0x0 binaries/mkbufpool.o
 .data          0x0000000000121160        0x0 binaries/mymotd.o
 .data          0x0000000000121160        0x0 binaries/mysend.o
 .data          0x0000000000121160        0x2 binaries/newqueue.o
 .data          0x0000000000121162        0x0 binaries/open.o
 .data          0x0000000000121162        0x0 binaries/panic.o
 .data          0x0000000000121162        0x0 binaries/pci.o
 .data          0x0000000000121162        0x0 binaries/platinit.o
 .data          0x0000000000121162        0x0 binaries/ptclear.o
 .data          0x0000000000121162        0x0 binaries/ptcount.o
 .data          0x0000000000121162        0x0 binaries/ptcreate.o
 .data          0x0000000000121162        0x0 binaries/ptdelete.o
 .data          0x0000000000121162        0x0 binaries/ptinit.o
 .data          0x0000000000121162        0x0 binaries/ptrecv.o
 .data          0x0000000000121162        0x0 binaries/ptreset.o
 .data          0x0000000000121162        0x0 binaries/ptsend.o
 .data          0x0000000000121162        0x0 binaries/putc.o
 .data          0x0000000000121162        0x0 binaries/quark_irq.o
 .data          0x0000000000121162        0x0 binaries/quark_pdat.o
 .data          0x0000000000121162        0x0 binaries/queue.o
 *fill*         0x0000000000121162        0x2 
 .data          0x0000000000121164        0x4 binaries/rcreate.o
 .data          0x0000000000121168        0x0 binaries/read.o
 .data          0x0000000000121168        0x0 binaries/ready.o
 .data          0x0000000000121168        0x0 binaries/receive.o
 .data          0x0000000000121168        0x0 binaries/receiver_eint1.o
 .data          0x0000000000121168        0x0 binaries/receiver_eint2.o
 .data          0x0000000000121168        0x0 binaries/receiver_scall.o
 .data          0x0000000000121168        0x0 binaries/recvclr.o
 .data          0x0000000000121168        0x0 binaries/recvtime.o
 .data          0x0000000000121168        0x0 binaries/resched.o
 .data          0x0000000000121168        0x0 binaries/resume.o
 .data          0x0000000000121168        0x0 binaries/seek.o
 .data          0x0000000000121168        0x0 binaries/semcount.o
 .data          0x0000000000121168        0x0 binaries/semcreate.o
 .data          0x0000000000121168        0x0 binaries/semdelete.o
 .data          0x0000000000121168        0x0 binaries/semreset.o
 .data          0x0000000000121168        0x0 binaries/send.o
 .data          0x0000000000121168        0x0 binaries/signal.o
 .data          0x0000000000121168        0x0 binaries/signaln.o
 .data          0x0000000000121168        0x0 binaries/sleep.o
 .data          0x0000000000121168        0x0 binaries/stackdump.o
 .data          0x0000000000121168        0x0 binaries/suspend.o
 .data          0x0000000000121168        0x0 binaries/testgmem.o
 .data          0x0000000000121168        0x0 binaries/testreceiver.o
 .data          0x0000000000121168        0x0 binaries/unsleep.o
 .data          0x0000000000121168        0x0 binaries/userbuf.o
 .data          0x0000000000121168        0x0 binaries/usercb.o
 .data          0x0000000000121168        0x0 binaries/userret.o
 .data          0x0000000000121168        0x0 binaries/wait.o
 .data          0x0000000000121168        0x0 binaries/wakeup.o
 .data          0x0000000000121168        0x0 binaries/write.o
 .data          0x0000000000121168        0x0 binaries/xdone.o
 .data          0x0000000000121168        0x0 binaries/yield.o
 .data          0x0000000000121168        0x0 binaries/abs.o
 .data          0x0000000000121168        0x0 binaries/atoi.o
 .data          0x0000000000121168        0x0 binaries/atol.o
 .data          0x0000000000121168        0x0 binaries/bzero.o
 .data          0x0000000000121168        0x0 binaries/ctype_.o
 .data          0x0000000000121168        0x0 binaries/doprnt.o
 *fill*         0x0000000000121168       0x18 
 .data          0x0000000000121180       0x80 binaries/doscan.o
                0x0000000000121180                _sctab
 .data          0x0000000000121200        0x0 binaries/fdoprnt.o
 .data          0x0000000000121200        0x0 binaries/fgetc.o
 .data          0x0000000000121200        0x0 binaries/fgets.o
 .data          0x0000000000121200        0x0 binaries/fprintf.o
 .data          0x0000000000121200        0x0 binaries/fputc.o
 .data          0x0000000000121200        0x0 binaries/fputs.o
 .data          0x0000000000121200        0x0 binaries/fscanf.o
 .data          0x0000000000121200        0x0 binaries/getchar.o
 .data          0x0000000000121200        0x0 binaries/labs.o
 .data          0x0000000000121200        0x0 binaries/memchr.o
 .data          0x0000000000121200        0x0 binaries/memcmp.o
 .data          0x0000000000121200        0x0 binaries/memcpy.o
 .data          0x0000000000121200        0x0 binaries/memset.o
 .data          0x0000000000121200        0x0 binaries/printf.o
 .data          0x0000000000121200        0x0 binaries/putchar.o
 .data          0x0000000000121200        0x0 binaries/qsort.o
 .data          0x0000000000121200        0x4 binaries/rand.o
 .data          0x0000000000121204        0x0 binaries/sprintf.o
 .data          0x0000000000121204        0x0 binaries/sscanf.o
 .data          0x0000000000121204        0x0 binaries/strchr.o
 .data          0x0000000000121204        0x0 binaries/strcmp.o
 .data          0x0000000000121204        0x0 binaries/strcpy.o
 .data          0x0000000000121204        0x0 binaries/strlen.o
 .data          0x0000000000121204        0x0 binaries/strncat.o
 .data          0x0000000000121204        0x0 binaries/strncmp.o
 .data          0x0000000000121204        0x0 binaries/strncpy.o
 .data          0x0000000000121204        0x0 binaries/strnlen.o
 .data          0x0000000000121204        0x0 binaries/strrchr.o
 .data          0x0000000000121204        0x0 binaries/strstr.o
 .data          0x0000000000121204        0x0 binaries/ttycontrol.o
 .data          0x0000000000121204        0x0 binaries/ttygetc.o
 .data          0x0000000000121204        0x0 binaries/ttyhandle_in.o
 .data          0x0000000000121204        0x0 binaries/ttyhandle_out.o
 .data          0x0000000000121204        0x0 binaries/ttyhandler.o
 .data          0x0000000000121204        0x0 binaries/ttyinit.o
 .data          0x0000000000121204        0x0 binaries/ttykickout.o
 .data          0x0000000000121204        0x0 binaries/ttyputc.o
 .data          0x0000000000121204        0x0 binaries/ttyread.o
 .data          0x0000000000121204        0x0 binaries/ttywrite.o
 .data          0x0000000000121204        0x0 binaries/mount.o
 .data          0x0000000000121204        0x0 binaries/naminit.o
 .data          0x0000000000121204        0x0 binaries/nammap.o
 .data          0x0000000000121204        0x0 binaries/namopen.o
 .data          0x0000000000121204        0x0 binaries/ethcontrol.o
 .data          0x0000000000121204        0x0 binaries/ethhandler.o
 .data          0x0000000000121204        0x0 binaries/ethinit.o
 .data          0x0000000000121204        0x0 binaries/ethmcast.o
 .data          0x0000000000121204        0x0 binaries/ethread.o
 .data          0x0000000000121204        0x0 binaries/ethwrite.o
 .data          0x0000000000121204        0x0 binaries/rdsbufalloc.o
 .data          0x0000000000121204        0x0 binaries/rdsclose.o
 .data          0x0000000000121204        0x0 binaries/rdscomm.o
 .data          0x0000000000121204        0x0 binaries/rdscontrol.o
 .data          0x0000000000121204        0x0 binaries/rdsinit.o
 .data          0x0000000000121204        0x0 binaries/rdsopen.o
 .data          0x0000000000121204        0x0 binaries/rdsprocess.o
 .data          0x0000000000121204        0x0 binaries/rdsread.o
 .data          0x0000000000121204        0x0 binaries/rdswrite.o
 .data          0x0000000000121204        0x0 binaries/ramclose.o
 .data          0x0000000000121204        0x0 binaries/raminit.o
 .data          0x0000000000121204        0x0 binaries/ramopen.o
 .data          0x0000000000121204        0x0 binaries/ramread.o
 .data          0x0000000000121204        0x0 binaries/ramwrite.o
 .data          0x0000000000121204        0x0 binaries/lfdballoc.o
 .data          0x0000000000121204        0x0 binaries/lfdbfree.o
 .data          0x0000000000121204        0x0 binaries/lfflush.o
 .data          0x0000000000121204        0x0 binaries/lfgetmode.o
 .data          0x0000000000121204        0x0 binaries/lfiballoc.o
 .data          0x0000000000121204        0x0 binaries/lfibclear.o
 .data          0x0000000000121204        0x0 binaries/lfibget.o
 .data          0x0000000000121204        0x0 binaries/lfibput.o
 .data          0x0000000000121204        0x0 binaries/lflclose.o
 .data          0x0000000000121204        0x0 binaries/lflcontrol.o
 .data          0x0000000000121204        0x0 binaries/lflgetc.o
 .data          0x0000000000121204        0x0 binaries/lflinit.o
 .data          0x0000000000121204        0x0 binaries/lflputc.o
 .data          0x0000000000121204        0x0 binaries/lflread.o
 .data          0x0000000000121204        0x0 binaries/lflseek.o
 .data          0x0000000000121204        0x0 binaries/lflwrite.o
 .data          0x0000000000121204        0x0 binaries/lfscheck.o
 .data          0x0000000000121204        0x0 binaries/lfsckfmt.o
 .data          0x0000000000121204        0x0 binaries/lfscreate.o
 .data          0x0000000000121204        0x0 binaries/lfsetup.o
 .data          0x0000000000121204        0x0 binaries/lfsinit.o
 .data          0x0000000000121204        0x0 binaries/lfsopen.o
 .data          0x0000000000121204        0x0 binaries/lftruncate.o
 .data          0x0000000000121204        0x0 binaries/rflclose.o
 .data          0x0000000000121204        0x0 binaries/rflgetc.o
 .data          0x0000000000121204        0x0 binaries/rflinit.o
 .data          0x0000000000121204        0x0 binaries/rflputc.o
 .data          0x0000000000121204        0x0 binaries/rflread.o
 .data          0x0000000000121204        0x0 binaries/rflseek.o
 .data          0x0000000000121204        0x0 binaries/rflwrite.o
 .data          0x0000000000121204        0x0 binaries/rfscomm.o
 .data          0x0000000000121204        0x0 binaries/rfscontrol.o
 .data          0x0000000000121204        0x0 binaries/rfsgetmode.o
 .data          0x0000000000121204        0x0 binaries/rfsinit.o
 .data          0x0000000000121204        0x0 binaries/rfsndmsg.o
 .data          0x0000000000121204        0x0 binaries/rfsopen.o
 .data          0x0000000000121204        0x0 binaries/arp.o
 .data          0x0000000000121204        0x0 binaries/dhcp.o
 .data          0x0000000000121204        0x0 binaries/dns.o
 .data          0x0000000000121204        0x0 binaries/dot2ip.o
 .data          0x0000000000121204        0x0 binaries/hexdump.o
 .data          0x0000000000121204        0x4 binaries/icmp.o
 .data          0x0000000000121208        0x0 binaries/ip.o
 .data          0x0000000000121208        0x0 binaries/net.o
 .data          0x0000000000121208        0x0 binaries/pdump.o
 .data          0x0000000000121208        0x0 binaries/tftp.o
 .data          0x0000000000121208        0x4 binaries/udp.o
 .data          0x000000000012120c        0x0 binaries/addargs.o
 .data          0x000000000012120c        0x0 binaries/lexan.o
 .data          0x000000000012120c        0x4 binaries/shell.o
                0x000000000012120c                ncmd
 *fill*         0x0000000000121210       0x10 
 .data.rel.ro   0x0000000000121220       0xfc binaries/shell.o
                0x0000000000121220                cmdtab
 .data          0x000000000012131c        0x0 binaries/xsh_argecho.o
 .data          0x000000000012131c        0x0 binaries/xsh_arp.o
 .data          0x000000000012131c        0x0 binaries/xsh_cat.o
 .data          0x000000000012131c        0x0 binaries/xsh_clear.o
 .data          0x000000000012131c        0x0 binaries/xsh_date.o
 .data          0x000000000012131c        0x0 binaries/xsh_devdump.o
 .data          0x000000000012131c        0x0 binaries/xsh_echo.o
 .data          0x000000000012131c        0x0 binaries/xsh_exit.o
 .data          0x000000000012131c        0x0 binaries/xsh_help.o
 .data          0x000000000012131c        0x0 binaries/xsh_kill.o
 .data          0x000000000012131c        0x0 binaries/xsh_memdump.o
 .data          0x000000000012131c        0x0 binaries/xsh_memstat.o
 .data          0x000000000012131c        0x0 binaries/xsh_netinfo.o
 .data          0x000000000012131c        0x0 binaries/xsh_ping.o
 *fill*         0x000000000012131c        0x4 
 .data          0x0000000000121320       0x20 binaries/xsh_ps.o